// Jest Snapshot v1, https://goo.gl/fbAQLP

exports[`Basic test should render 1`] = `
<div>
  <h1>
    The Apples
  </h1>
  <ul>
    <li>
      macintosh
    </li>
    <li>
      granny smith
    </li>
    <li>
      fuji
    </li>
    <li>
      golden delicious
    </li>
  </ul>
  <IconMock
    style={
      Object {
        "width": "10rem",
      }
    }
  />
  <img
    alt="apple"
    src="icon/mock/path"
    style={
      Object {
        "width": "10rem",
      }
    }
  />
  <img
    alt="apple"
    src="icon/mock/path"
    style={
      Object {
        "width": "10rem",
      }
    }
  />
  <br />
  <img
    alt="apple"
    src="test-file-stub"
    style={
      Object {
        "width": "10rem",
      }
    }
  />
  <p>
    Photo by Louis Hansel @shotsoflouis on Unsplash
  </p>
  <p>
    Test variable: 
    foo
  </p>
  <p>
    Non-existent variable: 
  </p>
  <p
    className="text-align-right"
  >
    I'm aligned right, but left in RTL.
  </p>
</div>
`;
